[supernao.zorn.it/index.html]
[supernao.zorn.it/images/favicon.png]
[supernao.zorn.it/templates/yootheme/packages/theme-joomla/assets/images/apple-touch-icon.png]
[backblue.gif]
[fade.gif]
[index.html]
[supernao.zorn.it/media/system/css/joomla-fontawesome.mincb95.css]
[supernao.zorn.it/media/vendor/joomla-custom-elements/css/joomla-alert.mineeda.css]
[supernao.zorn.it/plugins/system/djaccessibility/module/assets/css/accessibility4d3b.css]
[supernao.zorn.it/templates/yootheme/css/theme.128559.css]
[supernao.zorn.it/index7b17.html]
[supernao.zorn.it/indexc0d0.html]
[supernao.zorn.it/media/system/js/core.minaadb.js]
[supernao.zorn.it/media/system/js/messages.minee3c.js]
[supernao.zorn.it/media/vendor/jquery/js/jquery.min8a0c.js]
[supernao.zorn.it/plugins/system/djaccessibility/module/assets/js/accessibility.min4d3b.js]
[supernao.zorn.it/templates/yootheme/vendor/assets/uikit/dist/js/uikit.min6570.js]
[supernao.zorn.it/templates/yootheme/vendor/assets/uikit/dist/js/uikit-icons-tomsen-brody.min6570.js]
[supernao.zorn.it/templates/yootheme/js/theme6570.js]
[supernao.zorn.it/log-in.html]
[supernao.zorn.it/home.html]
[supernao.zorn.it/images/supernao 2025 circle.png]
[supernao.zorn.it/component/ajax/indexfedb.html]
[supernao.zorn.it/progetti.html]
[supernao.zorn.it/images/icon-progetti.png]
[supernao.zorn.it/team.html]
[supernao.zorn.it/images/icon-team.png]
[supernao.zorn.it/contact.html]
[supernao.zorn.it/images/icon-contact.png]
[supernao.zorn.it/blog.html]
[supernao.zorn.it/images/icon-blog.png]
[supernao.zorn.it/images/naovola.mp4]
[supernao.zorn.it/templates/yootheme/cache/c7/pic 5-c7d60235.png]
[supernao.zorn.it/templates/yootheme/cache/d7/Designer-Photoroom-d721c06d.png]
[supernao.zorn.it/templates/yootheme/cache/5f/pic 1-5f8b5427.png]
[supernao.zorn.it/images/Foto-gruppo/Gabriele_V.png]
[supernao.zorn.it/images/Foto-gruppo/Filippo_Labate_V.png]
[supernao.zorn.it/images/Foto-gruppo/Ching_Hoi_V.png]
[supernao.zorn.it/images/Foto-gruppo/Niccolo_Lucidi_V.png]
[supernao.zorn.it/images/Foto-gruppo/Virginia_D_Andrea_V.png]
[supernao.zorn.it/images/Foto-gruppo/Gabriele_Russo_V.png]
[supernao.zorn.it/images/Foto-gruppo/foto-nao.png]
[supernao.zorn.it/images/Foto-gruppo/Marco_Zorn_V.png]
[supernao.zorn.it/images/Foto-gruppo/Leonardo_Vellella_V.png]
[supernao.zorn.it/images/Foto-gruppo/SuperNAO_V.png]
[supernao.zorn.it/images/logo-nuvolari.png]
[supernao.zorn.it/images/logo-fairtile.png]
[supernao.zorn.it/images/logo-sapienza.png]
[supernao.zorn.it/index.html]
[supernao.zorn.it/media/vendor/fontawesome-free/webfonts/fa-regular-4007c4b.ttf]
[supernao.zorn.it/media/vendor/fontawesome-free/webfonts/fa-solid-90024c4.ttf]
[supernao.zorn.it/media/vendor/fontawesome-free/webfonts/fa-brands-400cfc8.ttf]
[supernao.zorn.it/media/system/css/joomla-fontawesome.mincb95.css]
[supernao.zorn.it/media/vendor/joomla-custom-elements/css/joomla-alert.mineeda.css]
[supernao.zorn.it/plugins/system/djaccessibility/module/assets/css/accessibility4d3b.css]
[supernao.zorn.it/templates/yootheme/css/theme.128559.css]
[supernao.zorn.it/images/supernaocut.html]
[supernao.zorn.it/working-on-your-site.html]
[supernao.zorn.it/media/plg_system_webauthn/css/button.min51f5.css]
[supernao.zorn.it/media/system/js/keepalive.mind5a8.js]
[supernao.zorn.it/media/system/js/fields/validate.min4779.js]
[supernao.zorn.it/media/system/js/fields/passwordview.min895a.js]
[supernao.zorn.it/media/plg_system_webauthn/js/login.min51f5.js]
[supernao.zorn.it/log-in798d.html]
[supernao.zorn.it/log-in4488.html]
[supernao.zorn.it/log-in4437.html]
[supernao.zorn.it/log-in.html]
[supernao.zorn.it/upload.html]
[supernao.zorn.it/home.html]
[supernao.zorn.it/templates/yootheme/cache/bd/foto-placeholder-o-bdfa604d.png]
[supernao.zorn.it/progetti/nao-retail.html]
[supernao.zorn.it/progetti/nao-ecologia.html]
[supernao.zorn.it/progetti/nao-cultura.html]
[supernao.zorn.it/progetti.html]
[supernao.zorn.it/templates/yootheme/cache/ba/supernao 2025 circle-ba8eed09.png]
[supernao.zorn.it/templates/yootheme/cache/25/Gabriele_V-25ac8763.png]
[supernao.zorn.it/templates/yootheme/cache/b0/Filippo_Labate_V-b05fae48.png]
[supernao.zorn.it/templates/yootheme/cache/f8/Ching_Hoi_V-f8ba5a27.png]
[supernao.zorn.it/templates/yootheme/cache/58/Niccolo_Lucidi_V-58a5ddf4.png]
[supernao.zorn.it/templates/yootheme/cache/8c/Gabriele_Russo_V-8c79efd6.png]
[supernao.zorn.it/templates/yootheme/cache/9f/SuperNAO_V-9fd74f4c.png]
[supernao.zorn.it/templates/yootheme/cache/d7/Virginia_D_Andrea_V-d75e68d4.png]
[supernao.zorn.it/templates/yootheme/cache/1e/foto-nao-1e69fa5a.png]
[supernao.zorn.it/templates/yootheme/cache/39/Marco_Zorn_V-396f423e.png]
[supernao.zorn.it/templates/yootheme/cache/c7/Leonardo_Vellella_V-c753bbe1.png]
[supernao.zorn.it/team.html]
[supernao.zorn.it/templates/yootheme/packages/builder/elements/map/assets/leafletcb95.css]
[supernao.zorn.it/templates/yootheme/vendor/assets/leaflet/leaflet/dist/leaflet6570.js]
[supernao.zorn.it/templates/yootheme/packages/builder/elements/map/app/map-leaflet.min6570.js]
[supernao.zorn.it/contact.html]
[supernao.zorn.it/templates/yootheme/cache/dc/nao-seduto-arduino-dcd629cd.jpg]
[supernao.zorn.it/templates/yootheme/cache/19/ces-2025-192c280d.jpg]
[supernao.zorn.it/blog.html]
[supernao.zorn.it/images/logo-tommaso-salvini.html]
[supernao.zorn.it/media/vendor/fontawesome-free/webfonts/fa-regular-400f499.html]
[supernao.zorn.it/media/vendor/fontawesome-free/webfonts/fa-solid-90035a9.html]
[supernao.zorn.it/media/vendor/fontawesome-free/webfonts/fa-brands-400fc73.html]
[supernao.zorn.it/templates/yootheme/fonts/barlow-e9307c20.html]
[supernao.zorn.it/templates/yootheme/fonts/barlow-a8c16fde.html]
[supernao.zorn.it/templates/yootheme/fonts/barlow-43c82566.html]
[supernao.zorn.it/templates/yootheme/fonts/barlowcondensed-0f8b9a3e.html]
[supernao.zorn.it/templates/yootheme/fonts/barlowcondensed-0c8da141.html]
[supernao.zorn.it/templates/yootheme/fonts/barlowcondensed-15707e43.html]
[supernao.zorn.it/templates/yootheme/fonts/barlowsemicondensed-a6fef061.html]
[supernao.zorn.it/templates/yootheme/fonts/barlowsemicondensed-aae61d9d.html]
[supernao.zorn.it/templates/yootheme/fonts/barlowsemicondensed-a26f0c29.html]
[supernao.zorn.it/templates/yootheme/fonts/roboto-5ad6f978.html]
[supernao.zorn.it/templates/yootheme/fonts/roboto-bd1f46db.html]
[supernao.zorn.it/templates/yootheme/fonts/roboto-e71c95b6.html]
[supernao.zorn.it/templates/yootheme/fonts/roboto-3a8a4c33.html]
[supernao.zorn.it/templates/yootheme/fonts/roboto-3ce1829f.html]
[supernao.zorn.it/templates/yootheme/fonts/roboto-b2febf06.html]
[supernao.zorn.it/templates/yootheme/fonts/roboto-07acc73a.html]
[supernao.zorn.it/templates/yootheme/fonts/roboto-ba66abf4.html]
[supernao.zorn.it/templates/yootheme/fonts/roboto-00ac490b.html]
[supernao.zorn.it/templates/yootheme/vendor/assets/uikit-themes/master-tomsen-brody/images/section-light-background.svg]
[supernao.zorn.it/templates/yootheme/vendor/assets/uikit-themes/master-tomsen-brody/images/section-dark-background.svg]
[supernao.zorn.it/templates/yootheme/vendor/assets/uikit-themes/master/images/mask-default-image.svg]
[supernao.zorn.it/media/plg_system_webauthn/css/button.min51f5.css]
[supernao.zorn.it/log-in798d.html]
[supernao.zorn.it/log-in4488.html]
[supernao.zorn.it/media/system/js/fields/passwordstrength.min64b6.js]
[supernao.zorn.it/log-in4437.html]
[supernao.zorn.it/templates/yootheme/cache/7f/foto-placeholder-o-7f8d00a9.png]
[supernao.zorn.it/progetti/nao-retail.html]
[supernao.zorn.it/progetti/nao-ecologia.html]
[supernao.zorn.it/progetti/nao-cultura.html]
[supernao.zorn.it/templates/yootheme/packages/builder/elements/map/assets/leafletcb95.css]
[supernao.zorn.it/templates/yootheme/cache/d8/starship-7-d89635ba.html]
[supernao.zorn.it/templates/yootheme/cache/2d/neuralink-2d3d92d8.html]
[supernao.zorn.it/templates/yootheme/cache/7f/sora-ai-7f7ceece.html]
[supernao.zorn.it/templates/yootheme/packages/builder/elements/map/assets/images/layers.html]
[supernao.zorn.it/templates/yootheme/packages/builder/elements/map/assets/images/layers-2x.html]
[supernao.zorn.it/templates/yootheme/packages/builder/elements/map/assets/images/marker-icon.html]
